
tests/test_mdm.py::test_edit_and_verify_item_description_from_mdm_task 
-------------------------------- live log call --------------------------------
2026-06-06 13:19:09 [INFO] Opened MDM view/modify records flow
